node.exe : ts-jest[ts-jest-transformer] (WARN) Define 
`ts-jest` config under `globals` is deprecated. Please do
At line:1 char:1
+ & "C:\Program Files\nodejs/node.exe" 
"C:\Users\crist\AppData\Roaming\ ...
+ ~~~~~~~~~~~~~~~~~~~~~~~~~~~~~~~~~~~~~~~~~~~~~~~~~~~~~~~~~~
~~~~~~~~~~~
    + CategoryInfo          : NotSpecified: (ts-jest[ts-jes 
   t...ated. Please do:String) [], RemoteException
    + FullyQualifiedErrorId : NativeCommandError
 
transform: {
    <transform_regex>: ['ts-jest', { /* ts-jest config goes 
here in Jest */ }],
},
See more at https://kulshekhar.github.io/ts-jest/docs/gettin
g-started/presets#advanced
ts-jest[ts-jest-transformer] (WARN) Define `ts-jest` config 
under `globals` is deprecated. Please do
transform: {
    <transform_regex>: ['ts-jest', { /* ts-jest config goes 
here in Jest */ }],
},
See more at https://kulshekhar.github.io/ts-jest/docs/gettin
g-started/presets#advanced
ts-jest[ts-jest-transformer] (WARN) Define `ts-jest` config 
under `globals` is deprecated. Please do
transform: {
    <transform_regex>: ['ts-jest', { /* ts-jest config goes 
here in Jest */ }],
},
See more at https://kulshekhar.github.io/ts-jest/docs/gettin
g-started/presets#advanced
ts-jest[config] (WARN) 
    The "ts-jest" config option "isolatedModules" is 
deprecated and will be removed in v30.0.0. Please use 
"isolatedModules: true" in F:/Developer_Area_f/works/alvf/na
iastorytelling/naiastorytelling/backend/tsconfig.json 
instead, see 
https://www.typescriptlang.org/tsconfig/#isolatedModules
  
ts-jest[config] (WARN) 
    The "ts-jest" config option "isolatedModules" is 
deprecated and will be removed in v30.0.0. Please use 
"isolatedModules: true" in F:/Developer_Area_f/works/alvf/na
iastorytelling/naiastorytelling/backend/tsconfig.json 
instead, see 
https://www.typescriptlang.org/tsconfig/#isolatedModules
  
ts-jest[config] (WARN) 
    The "ts-jest" config option "isolatedModules" is 
deprecated and will be removed in v30.0.0. Please use 
"isolatedModules: true" in F:/Developer_Area_f/works/alvf/na
iastorytelling/naiastorytelling/backend/tsconfig.json 
instead, see 
https://www.typescriptlang.org/tsconfig/#isolatedModules
  
FAIL tests/integration/auth.test.ts
  ΓùÅ Test suite failed to run

    [91merror[0m[90m TS5107: [0mOption 
'moduleResolution=node10' is deprecated and will stop 
functioning in TypeScript 7.0. Specify compilerOption 
'"ignoreDeprecations": "6.0"' to silence this error.
      Visit https://aka.ms/ts6 for migration information.

FAIL tests/unit/AuthService.test.ts
  ΓùÅ Test suite failed to run

    [91merror[0m[90m TS5107: [0mOption 
'moduleResolution=node10' is deprecated and will stop 
functioning in TypeScript 7.0. Specify compilerOption 
'"ignoreDeprecations": "6.0"' to silence this error.
      Visit https://aka.ms/ts6 for migration information.

FAIL tests/unit/StoryService.test.ts
  ΓùÅ Test suite failed to run

    [91merror[0m[90m TS5107: [0mOption 
'moduleResolution=node10' is deprecated and will stop 
functioning in TypeScript 7.0. Specify compilerOption 
'"ignoreDeprecations": "6.0"' to silence this error.
      Visit https://aka.ms/ts6 for migration information.

Test Suites: 3 failed, 3 total
Tests:       0 total
Snapshots:   0 total
Time:        1.35 s
Ran all test suites.
